// Jest Snapshot v1, https://goo.gl/fbAQLP

exports[`Terms of use page expect terms of use page to render correctly 1`] = `[Function]`;
